[    0.000000] Initializing cgroup subsys cpuset
[    0.000000] Initializing cgroup subsys cpu
[    0.000000] Initializing cgroup subsys cpuacct
[    0.000000] Linux version 4.4.0-119-generic (buildd@lcy01-amd64-013) (gcc version 5.4.0 20160609 (Ubuntu 5.4.0-6ubuntu1~16.04.9) ) #143-Ubuntu SMP Mon Apr 2 16:08:24 UTC 2018 (Ubuntu 4.4.0-119.143-generic 4.4.114)
[    0.000000] Command line: BOOT_IMAGE=/boot/vmlinuz-4.4.0-119-generic root=LABEL=cloudimg-rootfs ro console=tty1 console=ttyS0
[    0.000000] KERNEL supported cpus:
[    0.000000]   Intel GenuineIntel
[    0.000000]   AMD AuthenticAMD
[    0.000000]   Centaur CentaurHauls
[    0.000000] x86/fpu: xstate_offset[2]:  576, xstate_sizes[2]:  256
[    0.000000] x86/fpu: Supporting XSAVE feature 0x01: 'x87 floating point registers'
[    0.000000] x86/fpu: Supporting XSAVE feature 0x02: 'SSE registers'
[    0.000000] x86/fpu: Supporting XSAVE feature 0x04: 'AVX registers'
[    0.000000] x86/fpu: Enabled xstate features 0x7, context size is 832 bytes, using 'standard' format.
[    0.000000] x86/fpu: Using 'lazy' FPU context switches.
[    0.000000] e820: BIOS-provided physical RAM map:
[    0.000000] BIOS-e820: [mem 0x0000000000000000-0x000000000009fbff] usable
[    0.000000] BIOS-e820: [mem 0x000000000009fc00-0x000000000009ffff] reserved
[    0.000000] BIOS-e820: [mem 0x00000000000f0000-0x00000000000fffff] reserved
[    0.000000] BIOS-e820: [mem 0x0000000000100000-0x000000007ffeffff] usable
[    0.000000] BIOS-e820: [mem 0x000000007fff0000-0x000000007fffffff] ACPI data
[    0.000000] BIOS-e820: [mem 0x00000000fec00000-0x00000000fec00fff] reserved
[    0.000000] BIOS-e820: [mem 0x00000000fee00000-0x00000000fee00fff] reserved
[    0.000000] BIOS-e820: [mem 0x00000000fffc0000-0x00000000ffffffff] reserved
[    0.000000] NX (Execute Disable) protection: active
[    0.000000] SMBIOS 2.5 present.
[    0.000000] Hypervisor detected: KVM
[    0.000000] e820: last_pfn = 0x7fff0 max_arch_pfn = 0x400000000
[    0.000000] MTRR: Disabled
[    0.000000] x86/PAT: MTRRs disabled, skipping PAT initialization too.
[    0.000000] CPU MTRRs all blank - virtualized system.
[    0.000000] x86/PAT: Configuration [0-7]: WB  WT  UC- UC  WB  WT  UC- UC  
[    0.000000] found SMP MP-table at [mem 0x0009fff0-0x0009ffff] mapped at [ffff88000009fff0]
[    0.000000] Scanning 1 areas for low memory corruption
[    0.000000] RAMDISK: [mem 0x361fe000-0x370f6fff]
[    0.000000] ACPI: Early table checksum verification disabled
[    0.000000] ACPI: RSDP 0x00000000000E0000 000024 (v02 VBOX  )
[    0.000000] ACPI: XSDT 0x000000007FFF0030 00003C (v01 VBOX   VBOXXSDT 00000001 ASL  00000061)
[    0.000000] ACPI: FACP 0x000000007FFF00F0 0000F4 (v04 VBOX   VBOXFACP 00000001 ASL  00000061)
[    0.000000] ACPI: DSDT 0x000000007FFF0480 0021FF (v02 VBOX   VBOXBIOS 00000002 INTL 20140214)
[    0.000000] ACPI: FACS 0x000000007FFF0200 000040
[    0.000000] ACPI: FACS 0x000000007FFF0200 000040
[    0.000000] ACPI: APIC 0x000000007FFF0240 00006C (v02 VBOX   VBOXAPIC 00000001 ASL  00000061)
[    0.000000] ACPI: SSDT 0x000000007FFF02B0 0001CC (v01 VBOX   VBOXCPUT 00000002 INTL 20140214)
[    0.000000] No NUMA configuration found
[    0.000000] Faking a node at [mem 0x0000000000000000-0x000000007ffeffff]
[    0.000000] NODE_DATA(0) allocated [mem 0x7ffeb000-0x7ffeffff]
[    0.000000] kvm-clock: Using msrs 4b564d01 and 4b564d00
[    0.000000] kvm-clock: cpu 0, msr 0:7ffe3001, primary cpu clock
[    0.000000] kvm-clock: using sched offset of 3542552941 cycles
[    0.000000] clocksource: kvm-clock: mask: 0xffffffffffffffff max_cycles: 0x1cd42e4dffb, max_idle_ns: 881590591483 ns
[    0.000000] Zone ranges:
[    0.000000]   DMA      [mem 0x0000000000001000-0x0000000000ffffff]
[    0.000000]   DMA32    [mem 0x0000000001000000-0x000000007ffeffff]
[    0.000000]   Normal   empty
[    0.000000]   Device   empty
[    0.000000] Movable zone start for each node
[    0.000000] Early memory node ranges
[    0.000000]   node   0: [mem 0x0000000000001000-0x000000000009efff]
[    0.000000]   node   0: [mem 0x0000000000100000-0x000000007ffeffff]
[    0.000000] Initmem setup node 0 [mem 0x0000000000001000-0x000000007ffeffff]
[    0.000000] ACPI: PM-Timer IO Port: 0x4008
[    0.000000] IOAPIC[0]: apic_id 4, version 32, address 0xfec00000, GSI 0-23
[    0.000000] ACPI: INT_SRC_OVR (bus 0 bus_irq 0 global_irq 2 dfl dfl)
[    0.000000] ACPI: INT_SRC_OVR (bus 0 bus_irq 9 global_irq 9 high level)
[    0.000000] Using ACPI (MADT) for SMP configuration information
[    0.000000] smpboot: Allowing 4 CPUs, 0 hotplug CPUs
[    0.000000] PM: Registered nosave memory: [mem 0x00000000-0x00000fff]
[    0.000000] PM: Registered nosave memory: [mem 0x0009f000-0x0009ffff]
[    0.000000] PM: Registered nosave memory: [mem 0x000a0000-0x000effff]
[    0.000000] PM: Registered nosave memory: [mem 0x000f0000-0x000fffff]
[    0.000000] e820: [mem 0x80000000-0xfebfffff] available for PCI devices
[    0.000000] Booting paravirtualized kernel on KVM
[    0.000000] clocksource: refined-jiffies: mask: 0xffffffff max_cycles: 0xffffffff, max_idle_ns: 7645519600211568 ns
[    0.000000] setup_percpu: NR_CPUS:512 nr_cpumask_bits:512 nr_cpu_ids:4 nr_node_ids:1
[    0.000000] PERCPU: Embedded 34 pages/cpu @ffff88007fc00000 s99544 r8192 d31528 u524288
[    0.000000] PV qspinlock hash table entries: 256 (order: 0, 4096 bytes)
[    0.000000] Built 1 zonelists in Node order, mobility grouping on.  Total pages: 515960
[    0.000000] Policy zone: DMA32
[    0.000000] Kernel command line: BOOT_IMAGE=/boot/vmlinuz-4.4.0-119-generic root=LABEL=cloudimg-rootfs ro console=tty1 console=ttyS0
[    0.000000] PID hash table entries: 4096 (order: 3, 32768 bytes)
[    0.000000] Memory: 2029112K/2096696K available (8532K kernel code, 1313K rwdata, 3996K rodata, 1508K init, 1316K bss, 67584K reserved, 0K cma-reserved)
[    0.000000] SLUB: HWalign=64, Order=0-3, MinObjects=0, CPUs=4, Nodes=1
[    0.000000] Kernel/User page tables isolation: enabled
[    0.000000] Hierarchical RCU implementation.
[    0.000000] 	Build-time adjustment of leaf fanout to 64.
[    0.000000] 	RCU restricting CPUs from NR_CPUS=512 to nr_cpu_ids=4.
[    0.000000] RCU: Adjusting geometry for rcu_fanout_leaf=64, nr_cpu_ids=4
[    0.000000] NR_IRQS:33024 nr_irqs:456 16
[    0.000000] Console: colour VGA+ 80x25
[    0.000000] console [tty1] enabled
[    0.000000] console [ttyS0] enabled
[    0.000000] tsc: Detected 2194.916 MHz processor
[    0.732019] Calibrating delay loop (skipped) preset value.. 4389.83 BogoMIPS (lpj=8779664)
[    0.740861] pid_max: default: 32768 minimum: 301
[    0.741712] ACPI: Core revision 20150930
[    0.743559] ACPI: 2 ACPI AML tables successfully acquired and loaded
[    0.751127] Security Framework initialized
[    0.759590] Yama: becoming mindful.
[    0.760324] AppArmor: AppArmor initialized
[    0.767222] Dentry cache hash table entries: 262144 (order: 9, 2097152 bytes)
[    0.810778] Inode-cache hash table entries: 131072 (order: 8, 1048576 bytes)
[    0.825127] Mount-cache hash table entries: 4096 (order: 3, 32768 bytes)
[    0.828391] Mountpoint-cache hash table entries: 4096 (order: 3, 32768 bytes)
[    0.832798] Initializing cgroup subsys io
[    0.847817] Initializing cgroup subsys memory
[    0.850122] Initializing cgroup subsys devices
[    0.869316] Initializing cgroup subsys freezer
[    0.880504] Initializing cgroup subsys net_cls
[    0.881767] Initializing cgroup subsys perf_event
[    0.883074] Initializing cgroup subsys net_prio
[    0.884447] Initializing cgroup subsys hugetlb
[    0.885701] Initializing cgroup subsys pids
[    0.889383] CPU: Physical Processor ID: 0
[    0.904245] CPU: Processor Core ID: 0
[    0.905096] FEATURE SPEC_CTRL Not Present
[    0.906977] mce: CPU supports 0 MCE banks
[    0.914281] Last level iTLB entries: 4KB 64, 2MB 8, 4MB 8
[    0.916486] Last level dTLB entries: 4KB 64, 2MB 0, 4MB 0, 1GB 4
[    0.917674] Spectre V2 mitigation: Mitigation: Full generic retpoline
[    0.918927] Spectre V2 mitigation: Speculation control IBPB not-supported IBRS not-supported
[    0.926102] Freeing SMP alternatives memory: 32K
[    0.936952] ftrace: allocating 32195 entries in 126 pages
[    1.006134] smpboot: APIC(0) Converting physical 0 to logical package 0
[    1.040539] smpboot: Max logical packages: 1
[    1.050088] x2apic enabled
[    1.050958] Switched APIC routing to physical x2apic.
[    1.066535] ..TIMER: vector=0x30 apic1=0 pin1=2 apic2=-1 pin2=-1
[    1.199540] smpboot: CPU0: Intel(R) Core(TM) i5-5200U CPU @ 2.20GHz (family: 0x6, model: 0x3d, stepping: 0x4)
[    1.212442] Performance Events: unsupported p6 CPU model 61 no PMU driver, software events only.
[    1.214429] KVM setup paravirtual spinlock
[    1.223335] x86: Booting SMP configuration:
[    1.232477] .... node  #0, CPUs:      #1
[    1.233477] kvm-clock: cpu 1, msr 0:7ffe3041, secondary cpu clock
[    1.256196] mce: CPU supports 0 MCE banks
[    1.276313]  #2
[    1.279375] kvm-clock: cpu 2, msr 0:7ffe3081, secondary cpu clock
[    1.291128] mce: CPU supports 0 MCE banks
[    1.293862]  #3
[    1.305983] kvm-clock: cpu 3, msr 0:7ffe30c1, secondary cpu clock
[    1.309614] mce: CPU supports 0 MCE banks
[    1.313572] x86: Booted up 1 node, 4 CPUs
[    1.316669] smpboot: Total of 4 processors activated (17559.32 BogoMIPS)
[    1.319350] devtmpfs: initialized
[    1.335470] evm: security.selinux
[    1.360591] evm: security.SMACK64
[    1.389858] evm: security.SMACK64EXEC
[    1.390588] evm: security.SMACK64TRANSMUTE
[    1.405101] evm: security.SMACK64MMAP
[    1.405825] evm: security.ima
[    1.420086] evm: security.capability
[    1.423144] clocksource: jiffies: mask: 0xffffffff max_cycles: 0xffffffff, max_idle_ns: 7645041785100000 ns
[    1.455187] futex hash table entries: 1024 (order: 4, 65536 bytes)
[    1.485766] pinctrl core: initialized pinctrl subsystem
[    1.490015] RTC time: 18:07:10, date: 04/13/18
[    1.513137] NET: Registered protocol family 16
[    1.523097] cpuidle: using governor ladder
[    1.551298] cpuidle: using governor menu
[    1.559965] PCCT header not found.
[    1.561935] ACPI: bus type PCI registered
[    1.590169] acpiphp: ACPI Hot Plug PCI Controller Driver version: 0.5
[    1.600058] PCI: Using configuration type 1 for base access
[    1.618128] ACPI: Added _OSI(Module Device)
[    1.624784] ACPI: Added _OSI(Processor Device)
[    1.626101] ACPI: Added _OSI(3.0 _SCP Extensions)
[    1.628500] ACPI: Added _OSI(Processor Aggregator Device)
[    1.635817] ACPI: Executed 1 blocks of module-level executable AML code
[    1.639251] ACPI: Interpreter enabled
[    1.652639] ACPI: (supports S0 S5)
[    1.653342] ACPI: Using IOAPIC for interrupt routing
[    1.662063] PCI: Using host bridge windows from ACPI; if necessary, use "pci=nocrs" and report a bug
[    1.672720] ACPI: PCI Root Bridge [PCI0] (domain 0000 [bus 00-ff])
[    1.704302] acpi PNP0A03:00: _OSC: OS supports [ASPM ClockPM Segments MSI]
[    1.705475] acpi PNP0A03:00: _OSC: not requesting OS control; OS requires [ExtendedConfig ASPM ClockPM MSI]
[    1.728289] acpi PNP0A03:00: fail to add MMCONFIG information, can't access extended PCI configuration space under this bridge.
[    1.749502] PCI host bridge to bus 0000:00
[    1.750292] pci_bus 0000:00: root bus resource [io  0x0000-0x0cf7 window]
[    1.756700] pci_bus 0000:00: root bus resource [io  0x0d00-0xffff window]
[    1.799174] pci_bus 0000:00: root bus resource [mem 0x000a0000-0x000bffff window]
[    1.838445] pci_bus 0000:00: root bus resource [mem 0x80000000-0xffdfffff window]
[    1.880556] pci_bus 0000:00: root bus resource [bus 00-ff]
[    1.905545] pci 0000:00:01.1: legacy IDE quirk: reg 0x10: [io  0x01f0-0x01f7]
[    1.953497] pci 0000:00:01.1: legacy IDE quirk: reg 0x14: [io  0x03f6]
[    1.982300] pci 0000:00:01.1: legacy IDE quirk: reg 0x18: [io  0x0170-0x0177]
[    2.053411] pci 0000:00:01.1: legacy IDE quirk: reg 0x1c: [io  0x0376]
[    2.103719] pci 0000:00:07.0: quirk: [io  0x4000-0x403f] claimed by PIIX4 ACPI
[    2.145682] pci 0000:00:07.0: quirk: [io  0x4100-0x410f] claimed by PIIX4 SMB
[    2.181042] ACPI: PCI Interrupt Link [LNKA] (IRQs 5 9 10 *11)
[    2.202869] ACPI: PCI Interrupt Link [LNKB] (IRQs 5 9 10 *11)
[    2.207613] ACPI: PCI Interrupt Link [LNKC] (IRQs 5 9 *10 11)
[    2.213279] ACPI: PCI Interrupt Link [LNKD] (IRQs 5 *9 10 11)
[    2.222163] ACPI: Enabled 2 GPEs in block 00 to 07
[    2.223500] vgaarb: setting as boot device: PCI:0000:00:02.0
[    2.227626] vgaarb: device added: PCI:0000:00:02.0,decodes=io+mem,owns=io+mem,locks=none
[    2.229144] vgaarb: loaded
[    2.238232] vgaarb: bridge control possible 0000:00:02.0
[    2.240045] SCSI subsystem initialized
[    2.250611] ACPI: bus type USB registered
[    2.251435] usbcore: registered new interface driver usbfs
[    2.252393] usbcore: registered new interface driver hub
[    2.264046] usbcore: registered new device driver usb
[    2.265254] PCI: Using ACPI for IRQ routing
[    2.267452] NetLabel: Initializing
[    2.268148] NetLabel:  domain hash size = 128
[    2.268952] NetLabel:  protocols = UNLABELED CIPSOv4
[    2.269854] NetLabel:  unlabeled traffic allowed by default
[    2.270981] amd_nb: Cannot enumerate AMD northbridges
[    2.281367] clocksource: Switched to clocksource kvm-clock
[    2.299467] AppArmor: AppArmor Filesystem Enabled
[    2.305767] pnp: PnP ACPI init
[    2.307137] pnp: PnP ACPI: found 3 devices
[    2.317760] clocksource: acpi_pm: mask: 0xffffff max_cycles: 0xffffff, max_idle_ns: 2085701024 ns
[    2.343758] NET: Registered protocol family 2
[    2.364871] TCP established hash table entries: 16384 (order: 5, 131072 bytes)
[    2.370669] TCP bind hash table entries: 16384 (order: 6, 262144 bytes)
[    2.394823] TCP: Hash tables configured (established 16384 bind 16384)
[    2.411744] UDP hash table entries: 1024 (order: 3, 32768 bytes)
[    2.412753] UDP-Lite hash table entries: 1024 (order: 3, 32768 bytes)
[    2.424244] NET: Registered protocol family 1
[    2.440860] pci 0000:00:00.0: Limiting direct PCI/PCI transfers
[    2.441886] pci 0000:00:01.0: Activating ISA DMA hang workarounds
[    2.443022] Unpacking initramfs...
[    2.710640] Freeing initrd memory: 15332K
[    2.735848] RAPL PMU detected, API unit is 2^-32 Joules, 4 fixed counters 10737418240 ms ovfl timer
[    2.763621] hw unit of domain pp0-core 2^-0 Joules
[    2.764491] hw unit of domain package 2^-0 Joules
[    2.765344] hw unit of domain dram 2^-0 Joules
[    2.766181] hw unit of domain pp1-gpu 2^-0 Joules
[    2.767158] platform rtc_cmos: registered platform RTC device (no PNP device found)
[    2.810129] Scanning for low memory corruption every 60 seconds
[    2.816977] audit: initializing netlink subsys (disabled)
[    2.819046] audit: type=2000 audit(1523642834.793:1): initialized
[    2.826454] Initialise system trusted keyring
[    2.835738] HugeTLB registered 2 MB page size, pre-allocated 0 pages
[    2.999927] zbud: loaded
[    3.043984] VFS: Disk quotas dquot_6.6.0
[    3.046319] VFS: Dquot-cache hash table entries: 512 (order 0, 4096 bytes)
[    3.048829] squashfs: version 4.0 (2009/01/31) Phillip Lougher
[    3.050252] fuse init (API version 7.23)
[    3.051151] Key type big_key registered
[    3.057173] Allocating IMA MOK and blacklist keyrings.
[    3.059540] Key type asymmetric registered
[    3.083110] Asymmetric key parser 'x509' registered
[    3.091948] Block layer SCSI generic (bsg) driver version 0.4 loaded (major 249)
[    3.174160] io scheduler noop registered
[    3.186689] io scheduler deadline registered (default)
[    3.187657] io scheduler cfq registered
[    3.188524] pci_hotplug: PCI Hot Plug PCI Core version: 0.5
[    3.189497] pciehp: PCI Express Hot Plug Controller Driver version: 0.4
[    3.207003] ACPI: AC Adapter [AC] (on-line)
[    3.211009] input: Power Button as /devices/LNXSYSTM:00/LNXPWRBN:00/input/input0
[    3.219978] ACPI: Power Button [PWRF]
[    3.221893] input: Sleep Button as /devices/LNXSYSTM:00/LNXSLPBN:00/input/input1
[    3.275707] ACPI: Sleep Button [SLPF]
[    3.277368] ACPI: Battery Slot [BAT0] (battery present)
[    3.285460] GHES: HEST is not enabled!
[    3.293491] Serial: 8250/16550 driver, 32 ports, IRQ sharing enabled
[    3.320020] 00:02: ttyS0 at I/O 0x3f8 (irq = 4, base_baud = 115200) is a 16550A
[    3.329635] Linux agpgart interface v0.103
[    3.335291] loop: module loaded
[    3.336102] scsi host0: ata_piix
[    3.336348] scsi host1: ata_piix
[    3.336401] ata1: PATA max UDMA/33 cmd 0x1f0 ctl 0x3f6 bmdma 0xd000 irq 14
[    3.336402] ata2: PATA max UDMA/33 cmd 0x170 ctl 0x376 bmdma 0xd008 irq 15
[    3.336529] libphy: Fixed MDIO Bus: probed
[    3.336533] tun: Universal TUN/TAP device driver, 1.6
[    3.336534] tun: (C) 1999-2004 Max Krasnyansky <maxk@qualcomm.com>
[    3.336812] PPP generic driver version 2.4.2
[    3.336887] ehci_hcd: USB 2.0 'Enhanced' Host Controller (EHCI) Driver
[    3.336894] ehci-pci: EHCI PCI platform driver
[    3.336936] ehci-platform: EHCI generic platform driver
[    3.336947] ohci_hcd: USB 1.1 'Open' Host Controller (OHCI) Driver
[    3.336951] ohci-pci: OHCI PCI platform driver
[    3.336961] ohci-platform: OHCI generic platform driver
[    3.336969] uhci_hcd: USB Universal Host Controller Interface driver
[    3.337036] i8042: PNP: PS/2 Controller [PNP0303:PS2K,PNP0f03:PS2M] at 0x60,0x64 irq 1,12
[    3.337615] serio: i8042 KBD port at 0x60,0x64 irq 1
[    3.337621] serio: i8042 AUX port at 0x60,0x64 irq 12
[    3.337751] mousedev: PS/2 mouse device common for all mice
[    3.338131] rtc_cmos rtc_cmos: rtc core: registered rtc_cmos as rtc0
[    3.338204] rtc_cmos rtc_cmos: alarms up to one day, 114 bytes nvram
[    3.338212] i2c /dev entries driver
[    3.338273] device-mapper: uevent: version 1.0.3
[    3.338348] device-mapper: ioctl: 4.34.0-ioctl (2015-10-28) initialised: dm-devel@redhat.com
[    3.338383] ledtrig-cpu: registered to indicate activity on CPUs
[    3.338707] input: AT Translated Set 2 keyboard as /devices/platform/i8042/serio0/input/input2
[    3.339031] NET: Registered protocol family 10
[    3.339301] NET: Registered protocol family 17
[    3.339311] Key type dns_resolver registered
[    3.339588] registered taskstats version 1
[    3.339604] Loading compiled-in X.509 certificates
[    3.340301] Loaded X.509 cert 'Build time autogenerated kernel key: f854e06633b5f496ced5b2e02c7b14f761b69302'
[    3.340321] zswap: loaded using pool lzo/zbud
[    3.342918] Key type trusted registered
[    3.347480] Key type encrypted registered
[    3.347488] AppArmor: AppArmor sha1 policy hashing enabled
[    3.347493] ima: No TPM chip found, activating TPM-bypass!
[    3.347517] evm: HMAC attrs: 0x1
[    3.347933]   Magic number: 14:936:139
[    3.386331] rtc_cmos rtc_cmos: setting system clock to 2018-04-13 18:07:11 UTC (1523642831)
[    3.386543] BIOS EDD facility v0.16 2004-Jun-25, 0 devices found
[    3.386544] EDD information not available.
[    3.662871] Freeing unused kernel memory: 1508K
[    3.809463] tsc: Refined TSC clocksource calibration: 2196.212 MHz
[    3.809468] clocksource: tsc: mask: 0xffffffffffffffff max_cycles: 0x1fa83865de4, max_idle_ns: 440795285066 ns
[    4.187300] Write protecting the kernel read-only data: 14336k
[    4.202957] Freeing unused kernel memory: 1696K
[    4.390143] Freeing unused kernel memory: 100K
Loading, please [    4.511972] random: systemd-udevd: uninitialized urandom read (16 bytes read, 5 bits of entropy available)
wait...
startin[    4.512831] random: udevadm: uninitialized urandom read (16 bytes read, 5 bits of entropy available)
g version 229
[    4.512852] random: udevadm: uninitialized urandom read (16 bytes read, 5 bits of entropy available)
[    4.521826] random: udevadm: uninitialized urandom read (16 bytes read, 5 bits of entropy available)
[    4.521878] random: udevadm: uninitialized urandom read (16 bytes read, 5 bits of entropy available)
[    4.522192] random: udevadm: uninitialized urandom read (16 bytes read, 5 bits of entropy available)
[    4.522247] random: udevadm: uninitialized urandom read (16 bytes read, 5 bits of entropy available)
[    4.522304] random: udevadm: uninitialized urandom read (16 bytes read, 5 bits of entropy available)
[    4.522356] random: udevadm: uninitialized urandom read (16 bytes read, 5 bits of entropy available)
[    4.522407] random: udevadm: uninitialized urandom read (16 bytes read, 5 bits of entropy available)
[    4.606685] e1000: Intel(R) PRO/1000 Network Driver - version 7.3.21-k8-NAPI
[    4.655748] e1000: Copyright (c) 1999-2006 Intel Corporation.
[    4.657404] Fusion MPT base driver 3.04.20
[    4.671510] Copyright (c) 1999-2008 LSI Corporation
[    4.679802] Fusion MPT SPI Host driver 3.04.20
[    4.696508] AVX version of gcm_enc/dec engaged.
[    4.704119] AES CTR mode by8 optimization enabled
[    4.900107] input: ImExPS/2 Generic Explorer Mouse as /devices/platform/i8042/serio1/input/input4
[    5.009328] e1000 0000:00:03.0 eth0: (PCI:33MHz:32-bit) 02:1b:e7:ca:c1:c0
[    5.049851] e1000 0000:00:03.0 eth0: Intel(R) PRO/1000 Network Connection
[    5.071167] mptbase: ioc0: Initiating bringup
[    5.233760] ioc0: LSI53C1030 A0: Capabilities={Initiator}
[    5.443626] scsi host2: ioc0: LSI53C1030 A0, FwRev=00000000h, Ports=1, MaxQ=256, IRQ=20
[    5.574645] scsi 2:0:0:0: Direct-Access     VBOX     HARDDISK         1.0  PQ: 0 ANSI: 5
[    5.589648] scsi target2:0:0: Beginning Domain Validation
[    5.600062] scsi target2:0:0: Domain Validation skipping write tests
[    5.620275] scsi target2:0:0: Ending Domain Validation
[    5.653347] scsi target2:0:0: asynchronous
[    5.690652] scsi 2:0:1:0: Direct-Access     VBOX     HARDDISK         1.0  PQ: 0 ANSI: 5
[    5.753822] scsi target2:0:1: Beginning Domain Validation
[    5.768628] scsi target2:0:1: Domain Validation skipping write tests
[    5.799882] scsi target2:0:1: Ending Domain Validation
[    5.806713] scsi target2:0:1: asynchronous
[    5.854212] sd 2:0:0:0: [sda] 20971520 512-byte logical blocks: (10.7 GB/10.0 GiB)
[    5.857253] sd 2:0:0:0: Attached scsi generic sg0 type 0
[    5.859630] sd 2:0:0:0: [sda] Write Protect is off
[    5.862487] sd 2:0:1:0: Attached scsi generic sg1 type 0
[    5.865010] sd 2:0:1:0: [sdb] 20480 512-byte logical blocks: (10.5 MB/10.0 MiB)
[    5.867194] sd 2:0:0:0: [sda] Incomplete mode parameter data
[    5.867227] sd 2:0:0:0: [sda] Assuming drive cache: write through
[    5.870981] sd 2:0:1:0: [sdb] Write Protect is off
[    5.879621] sd 2:0:1:0: [sdb] Incomplete mode parameter data
[    5.879624] sd 2:0:1:0: [sdb] Assuming drive cache: write through
[    5.935680]  sda: sda1
[    5.951391] sd 2:0:1:0: [sdb] Attached SCSI disk
[    5.956016] e1000 0000:00:08.0 eth1: (PCI:33MHz:32-bit) 08:00:27:35:f1:86
[    5.956020] e1000 0000:00:08.0 eth1: Intel(R) PRO/1000 Network Connection
[    5.975404] e1000 0000:00:08.0 enp0s8: renamed from eth1
[    6.101693] sd 2:0:0:0: [sda] Attached SCSI disk
[    6.137958] e1000 0000:00:03.0 enp0s3: renamed from eth0
[    7.634251] floppy0: no floppy controllers found
Begin: Loading e[    9.036917] md: linear personality registered for level -1
ssential drivers[    9.050120] md: multipath personality registered for level -4
 ... [    9.055411] md: raid0 personality registered for level 0
[    9.063381] md: raid1 personality registered for level 1
[    9.141506] raid6: sse2x1   gen()  7842 MB/s
[    9.281524] raid6: sse2x1   xor()  6037 MB/s
[    9.449871] raid6: sse2x2   gen() 10003 MB/s
[    9.539292] raid6: sse2x2   xor()  6838 MB/s
[    9.675262] raid6: sse2x4   gen()  9663 MB/s
[    9.749302] raid6: sse2x4   xor()  8472 MB/s
[    9.875261] raid6: using algorithm sse2x2 gen() 10003 MB/s
[    9.979880] raid6: .... xor() 6838 MB/s, rmw enabled
[    9.980798] raid6: using ssse3x2 recovery algorithm
[    9.983378] xor: automatically using best checksumming function:
[   10.025372]    avx       : 15849.000 MB/sec
[   10.148768] async_tx: api initialized (async)
[   10.164564] md: raid6 personality registered for level 6
[   10.175109] md: raid5 personality registered for level 5
[   10.191222] md: raid4 personality registered for level 4
[   10.198881] md: raid10 personality registered for level 10
done.
Begin: Running /scripts/init-premount ... done.
Begin: Mounting root file system ... Begin: Running /scripts/local-top ... done.
Begin: Running /scripts/local-premount ... [   10.249244] Btrfs loaded
Scanning for Btrfs filesystems
done.
Warning: fsck not present, so skipping root file system
[   10.377685] EXT4-fs (sda1): mounted filesystem with ordered data mode. Opts: (null)
done.
Begin: Running /scripts/local-bottom ... done.
Begin: Running /scripts/init-bottom ... done.
[   10.953855] random: nonblocking pool is initialized
[   11.198194] systemd[1]: systemd 229 running in system mode. (+PAM +AUDIT +SELINUX +IMA +APPARMOR +SMACK +SYSVINIT +UTMP +LIBCRYPTSETUP +GCRYPT +GNUTLS +ACL +XZ -LZ4 +SECCOMP +BLKID +ELFUTILS +KMOD -IDN)
[   11.210126] systemd[1]: Detected virtualization oracle.
[   11.213756] systemd[1]: Detected architecture x86-64.

Welcome to [1mUbuntu 16.04.4 LTS[0m!

[   11.296419] systemd[1]: Set hostname to <dockerserver>.
[   12.462414] systemd[1]: Listening on udev Control Socket.
[[0;32m  OK  [0m] Listening on udev Control Socket.
[   12.470340] systemd[1]: Reached target Encrypted Volumes.
[[0;32m  OK  [0m] Reached target Encrypted Volumes.
[   12.480815] systemd[1]: Listening on Device-mapper event daemon FIFOs.
[[0;32m  OK  [0m] Listening on Device-mapper event daemon FIFOs.
[   12.488747] systemd[1]: Listening on udev Kernel Socket.
[[0;32m  OK  [0m] Listening on udev Kernel Socket.
[   12.497763] systemd[1]: Started Trigger resolvconf update for networkd DNS.
[[0;32m  OK  [0m] Started Trigger resolvconf update for networkd DNS.
[   12.502660] systemd[1]: Listening on /dev/initctl Compatibility Named Pipe.
[[0;32m  OK  [0m] Listening on /dev/initctl Compatibility Named Pipe.
[   12.509035] systemd[1]: Reached target User and Group Name Lookups.
[[0;32m  OK  [0m] Reached target User and Group Name Lookups.
[   12.517969] systemd[1]: Created slice User and Session Slice.
[[0;32m  OK  [0m] Created slice User and Session Slice.
[   12.521407] systemd[1]: Listening on Syslog Socket.
[[0;32m  OK  [0m] Listening on Syslog Socket.
[   12.525950] systemd[1]: Listening on LVM2 metadata daemon socket.
[[0;32m  OK  [0m] Listening on LVM2 metadata daemon socket.
[   12.539419] systemd[1]: Reached target Swap.
[[0;32m  OK  [0m] Reached target Swap.
[   12.543386] systemd[1]: Reached target System Time Synchronized.
[[0;32m  OK  [0m] Reached target System Time Synchronized.
[   12.552634] systemd[1]: Listening on Journal Socket (/dev/log).
[[0;32m  OK  [0m] Listening on Journal Socket (/dev/log).
[   12.578009] systemd[1]: Created slice System Slice.
[[0;32m  OK  [0m] Created slice System Slice.
[   12.585891] systemd[1]: Created slice system-serial\x2dgetty.slice.
[[0;32m  OK  [0m] Created slice system-serial\x2dgetty.slice.
[   12.591643] systemd[1]: Reached target Slices.
[[0;32m  OK  [0m] Reached target Slices.
[   12.595847] systemd[1]: Listening on Journal Audit Socket.
[[0;32m  OK  [0m] Listening on Journal Audit Socket.
[   12.602749] systemd[1]: Listening on Journal Socket.
[[0;32m  OK  [0m] Listening on Journal Socket.
[   12.625735] systemd[1]: Starting Uncomplicated firewall...
         Starting Uncomplicated firewall...
[   12.694244] systemd[1]: Starting Load Kernel Modules...
         Starting Load Kernel Modules...
[   12.714760] systemd[1]: Mounting POSIX Message Queue File System...
         Mounting POSIX Message Queue File System...
[   12.765625] systemd[1]: Starting Monitoring of LVM2 mirrors, snapshots etc. using dmeventd or progress polling...
[   12.844462] Loading iSCSI transport class v2.0-870.
         Starting Monitoring of LVM2 mirrors... dmeventd or progress polling...
[   12.876886] systemd[1]: Starting Create list of required static device nodes for the current kernel...
         Starting Create list of required st... nodes for the current kernel...
[   12.886696] systemd[1]: Starting Set console keymap...
         Starting Set console keymap...
[   12.910248] systemd[1]: Starting Journal Service...
         [   12.937864] iscsi: registered transport (tcp)
Starting Journal Service...
[   12.967720] systemd[1]: Mounting Debug File System...
         Mounting Debug File System...
[   13.020575] systemd[1]: Starting Nameserver information manager...
         Starting Nameserver information manager...
[   13.074033] systemd[1]: Starting Remount Root and Kernel File Systems...
         Starting Remount Root and Kernel File Systems...
[   13.086894] systemd[1]: Started Forward Password Requests to Wall Directory Watch.
[[0;32m  OK  [0m] Started Forward Password Requests to Wall Directory Watch.
[   13.092271] systemd[1]: Set up automount Arbitrary Executable File Formats File System Automount Point.
[[0;32m  OK  [0m] Set up automount Arbitrary Executab...ats File System Automount Point.
[   13.181890] systemd[1]: Listening on LVM2 poll daemon socket.
[[0;32m  OK  [0[   13.204867] EXT4-fs (sda1): re-mounted. Opts: (null)
m] Listening on LVM2 poll daemon socket.
[   13.257770] systemd[1]: Mounting Huge Pages File System...
         Mounting Huge Pages File System...
[   13.330846] systemd[1]: Mounted POSIX Message Queue File System.
[[0;32m  OK  [0[   13.361898] iscsi: registered transport (iser)
m] Mounted POSIX Message Queue File System.
[   13.372792] systemd[1]: Mounted Huge Pages File System.
[[0;32m  OK  [0m] Mounted Huge Pages File System.
[   13.383394] systemd[1]: Mounted Debug File System.
[[0;32m  OK  [0m] Mounted Debug File System.
[   13.403341] systemd[1]: Started Journal Service.
[[0;32m  OK  [0m] Started Journal Service.
[[0;32m  OK  [0m] Started Uncomplicated firewall.
[[0;32m  OK  [0m] Started Load Kernel Modules.
[[0;32m  OK  [0m] Started Create list of required sta...ce nodes for the current kernel.
[[0;32m  OK  [0m] Started Set console keymap.
[[0;32m  OK  [0m] Started Remount Root and Kernel File Systems.
[[0;32m  OK  [0m] Started Nameserver information manager.
[[0;32m  OK  [0m] Started LVM2 metadata daemon.
         Starting Initial cloud-init job (pre-networking)...
         Starting udev Coldplug all Devices...
         Starting Load/Save Random Seed...
         Starting Create Static Device Nodes in /dev...
         Mounting FUSE Control File System...
         Starting Apply Kernel Variables...
         Starting Flush Journal to Persistent Storage...
[[0;32m  OK  [0m] Mounted FUSE Control File System.
[[0;32m  OK  [0m] Started Load/Save Random Seed.
[   13.743279] systemd-journald[413]: Received request to flush runtime journal from PID 1
[[0;32m  OK  [0m] Started udev Coldplug all Devices.
[[0;32m  OK  [0m] Started Flush Journal to Persistent Storage.
[[0;32m  OK  [0m] Started Apply Kernel Variables.
[[0;32m  OK  [0m] Started Monitoring of LVM2 mirrors,...ng dmeventd or progress polling.
[[0;32m  OK  [0m] Started Create Static Device Nodes in /dev.
         Starting udev Kernel Device Manager...
[[0;32m  OK  [0m] Started udev Kernel Device Manager.
[[0;32m  OK  [0m] Reached target Local File Systems (Pre).
[[0;32m  OK  [0m] Reached target Local File Systems.
         Starting Tell Plymouth To Write Out Runtime Data...
         Starting Set console font and keymap...
         Starting Create Volatile Files and Directories...
         Starting LSB: AppArmor initialization...
[[0;32m  OK  [0m] Started Dispatch Password Requests to Console Directory Watch.
[[0;32m  OK  [0m] Found device /dev/ttyS0.
[[0;32m  OK  [0m] Listening on Load/Save RF Kill Switch Status /dev/rfkill Watch.
[[0;32m  OK  [0m] Started Tell Plymouth To Write Out Runtime Data.
[[0;32m  OK  [0m] Started Create Volatile Files and Directories.
         Starting Update UTMP about System Boot/Shutdown...
[[0;32m  OK  [0m] Started Update UTMP about System Boot/Shutdown.
[[0;32m  OK  [0m] Found device 82540EM Gigabit Ethern...r (PRO/1000 MT Desktop Adapter).
[[0;32m  OK  [0m] Started Set console font and keymap.
[[0;32m  OK  [0m] Found device 82540EM Gigabit Ethern...r (PRO/1000 MT Desktop Adapter).
[[0;32m  OK  [0m] Created slice system-getty.slice.
[[0;32m  OK  [0m] Started LSB: AppArmor initialization.
[   17.844180] cloud-init[461]: Cloud-init v. 17.2 running 'init-local' at Fri, 13 Apr 2018 18:07:27 +0000. Up 17.11 seconds.
[[0;32m  OK  [0m] Started Initial cloud-init job (pre-networking).
[[0;32m  OK  [0m] Reached target Network (Pre).
         Starting Raise network interfaces...
[[0;32m  OK  [0m] Started ifup for enp0s8.
[[0;32m  OK  [0m] Started ifup for enp0s3.
[[0;32m  OK  [0m] Started Raise network interfaces.
[[0;32m  OK  [0m] Reached target Network.
         Starting Initial cloud-init job (metadata service crawler)...
[   20.442846] cloud-init[1138]: Cloud-init v. 17.2 running 'init' at Fri, 13 Apr 2018 18:07:29 +0000. Up 19.68 seconds.
[   20.488711] cloud-init[1138]: ci-info: ++++++++++++++++++++++++++++++++++++++Net device info++++++++++++++++++++++++++++++++++++++
[[0;32m  OK  [0m] Started Initial cloud-init job (metadata service crawler).
[   20.489074] cloud-init[1138]: ci-info: +--------+------+-----------------------------+---------------+-------+-------------------+
[   20.503029] cloud-init[1138]: ci-info: | Device |  Up  |           Address           |      Mask     | Scope |     Hw-Address    |
[   20.503637] cloud-init[1138]: ci-info: +--------+------+-----------------------------+---------------+-------+-------------------+
[[0;32m  OK  [0m] Reached target System Initialization.
[   20.504247] cloud-init[1138]: ci-info: | enp0s3 | True |          10.0.2.15          | 255.255.255.0 |   .   | 02:1b:e7:ca:c1:c0 |
[   20.573084] cloud-init[1138]: ci-info: | enp0s3 | True |  fe80::1b:e7ff:feca:c1c0/64 |       .       |  link | 02:1b:e7:ca:c1:c0 |
[   20.573503] cloud-init[1138]: ci-info: | enp0s8 | True |          10.0.1.207         | 255.255.254.0 |   .   | 08:00:27:35:f1:86 |
[[0;32m  OK  [0m] Started Timer to automatically refresh installed snaps.
[   20.573667] cloud-init[1138]: ci-info: | enp0s8 | True | fe80::a00:27ff:fe35:f186/64 |       .       |  link | 08:00:27:35:f1:86 |
[   20.696393] cloud-init[1138]: ci-info: |   lo   | True |          127.0.0.1          |   255.0.0.0   |   .   |         .         |
[   20.696730] cloud-init[1138]: ci-info: |   lo   | True |           ::1/128           |       .       |  host |         .         |
         Starting Socket activation for snappy daemon.
[   20.697006] cloud-init[1138]: ci-info: +--------+------+-----------------------------+---------------+-------+-------------------+
[   20.760843] cloud-init[1138]: ci-info: +++++++++++++++++++++++++++Route IPv4 info++++++++++++++++++++++++++++
[   20.761591] cloud-init[1138]: ci-info: +-------+-------------+----------+---------------+-----------+-------+
         Starting LXD - unix socket.
[   20.762166] cloud-init[1138]: ci-info: | Route | Destination | Gateway  |    Genmask    | Interface | Flags |
[   20.824852] cloud-init[1138]: ci-info: +-------+-------------+----------+---------------+-----------+-------+
[[0;32m  OK  [0m] Started Daily apt download activities.
[   20.825097] cloud-init[1138]: ci-info: |   0   |   0.0.0.0   | 10.0.0.4 |    0.0.0.0    |   enp0s8  |   UG  |
[   20.866949] cloud-init[1138]: ci-info: |   1   |   10.0.0.0  | 0.0.0.0  | 255.255.254.0 |   enp0s8  |   U   |
[   20.870588] cloud-init[1138]: ci-info: |   2   |   10.0.2.0  | 0.0.0.0  | 255.255.255.0 |   enp0s3  |   U   |
[   20.888408] cloud-init[1138]: ci-info: +-------+-------------+----------+---------------+-----------+-------+
[[0;32m  OK  [0m] Started ACPI Events Check.
[[0;32m  OK  [0m] Reached target Paths.
[[0;32m  OK  [0m] Started Daily Cleanup of Temporary Directories.
[[0;32m  OK  [0m] Listening on UUID daemon activation socket.
[[0;32m  OK  [0m] Started Daily apt upgrade and clean activities.
[[0;32m  OK  [0m] Reached target Timers.
[[0;32m  OK  [0m] Listening on D-Bus System Message Bus Socket.
[[0;32m  OK  [0m] Listening on ACPID Listen Socket.
         Starting Docker Socket for the API.
[[0;32m  OK  [0m] Reached target Cloud-config availability.
[[0;32m  OK  [0m] Reached target Network is Online.
         Starting iSCSI initiator daemon (iscsid)...
[[0;32m  OK  [0m] Listening on Socket activation for snappy daemon.
[[0;32m  OK  [0m] Listening on LXD - unix socket.
[[0;32m  OK  [0m] Listening on Docker Socket for the API.
[[0;32m  OK  [0m] Started iSCSI initiator daemon (iscsid).
         Starting Login to default iSCSI targets...
[[0;32m  OK  [0m] Reached target Sockets.
[[0;32m  OK  [0m] Reached target Basic System.
[[0;32m  OK  [0m] Started Deferred execution scheduler.
[[0;32m  OK  [0m] Started Unattended Upgrades Shutdown.
[[0;32m  OK  [0m] Started Regular background program processing daemon.
[[0;32m  OK  [0m] Started D-Bus System Message Bus.
         Starting Docker Application Container Engine...
         Starting System Logging Service...
         Starting Accounts Service...
[[0;32m  OK  [0m] Started ACPI event daemon.
         Starting Virtualbox guest utils...
         Starting Apply the settings specified in cloud-config...
         Starting LXD - container startup/shutdown...
         Starting /etc/rc.local Compatibility...
         Starting Login Service...
         Starting OpenBSD Secure Shell server...
[[0;32m  OK  [0m] Started FUSE filesystem for LXC.
         Starting LSB: MD monitoring daemon...
         Starting LSB: Record successful boot for GRUB...
         Starting Snappy daemon...
[[0;32m  OK  [0m] Started System Logging Service.
[[0;32m  OK  [0m] Started /etc/rc.local Compatibility.
[[0;32m  OK  [0m] Started Login Service.
[   22.129282] cloud-init[1216]: Cloud-init v. 17.2 running 'modules:config' at Fri, 13 Apr 2018 18:07:31 +0000. Up 21.80 seconds.
[[0;32m  OK  [0m] Started Apply the settings specified in cloud-config.
[[0;32m  OK  [0m] Started LSB: Record successful boot for GRUB.
[[0;32m  OK  [0m] Started Login to default iSCSI targets.
[[0;32m  OK  [0m] Reached target Remote File Systems (Pre).
[[0;32m  OK  [0m] Reached target Remote File Systems.
         Starting LSB: Set the CPU Frequency Scaling governor to "ondemand"...
         Starting Permit User Sessions...
         Starting LSB: Set up cgroupfs mounts....
         Starting LSB: daemon to balance interrupts for SMP systems...
         Starting LSB: automatic crash report generation...
[[0;32m  OK  [0m] Started Permit User Sessions.
[[0;32m  OK  [0m] Started LSB: Set the CPU Frequency Scaling governor to "ondemand".
[[0;32m  OK  [0m] Started LSB: Set up cgroupfs mounts..
         Starting Terminate Plymouth Boot Screen...
         Starting Hold until boot process finishes up...
[[0;32m  OK  [0m] Started Terminate Plymouth Boot Screen.
[[0;32m  OK  [0m] Started Hold until boot process finishes up.
[[0;32m  OK  [0m] Started LSB: MD monitoring daemon.
[[0;32m  OK  [0m] Started LSB: daemon to balance interrupts for SMP systems.
[[0;32m  OK  [0m] Started Virtualbox guest utils.
         Starting Authenticate and Authorize Users to Run Privileged Tasks...
[[0;32m  OK  [0m] Started Getty on tty1.
         Starting Set console scheme...
[[0;32m  OK  [0m] Started Serial Getty on ttyS0.
[[0;32m  OK  [0m] Reached target Login Prompts.
[[0;32m  OK  [0m] Started LSB: automatic crash report generation.
[[0;32m  OK  [0m] Started Set console scheme.
[[0;32m  OK  [0m] Started OpenBSD Secure Shell server.
[[0;32m  OK  [0m] Started Authenticate and Authorize Users to Run Privileged Tasks.
[[0;32m  OK  [0m] Started Accounts Service.
[[0;32m  OK  [0m] Started Snappy daemon.
[[0;32m  OK  [0m] Started LXD - container startup/shutdown.
[[0;32m  OK  [0m] Created slice User Slice of vagrant.
         Starting User Manager for UID 1000...
[[0;32m  OK  [0m] Started Session 1 of user vagrant.
[[0;32m  OK  [0m] Started User Manager for UID 1000.
[   28.771427] cloud-init[1623]: Cloud-init v. 17.2 running 'modules:final' at Fri, 13 Apr 2018 18:07:38 +0000. Up 28.61 seconds.

Ubuntu 16.04.4 LTS dockerserver ttyS0

dockerserver login: [   28.777687] cloud-init[1623]: Cloud-init v. 17.2 finished at Fri, 13 Apr 2018 18:07:38 +0000. Datasource DataSourceNoCloud [seed=/dev/sdb][dsmode=net].  Up 28.76 seconds
